Microchip MPLAB XC8 Compiler V2.00 ()

Linker command line:

-W-3 --edf=C:\Program Files (x86)\Microchip\xc8\v2.00\pic\dat\en_msgs.txt \
  -cs -h+dist/default/debug\Boost.X.debug.sym \
  --cmf=dist/default/debug\Boost.X.debug.cmf -z -QMCP19215 \
  -oC:\Users\A50807\AppData\Local\Temp\sj5g.2 --defsym=__MPLAB_BUILD=1 \
  -Mdist/default/debug/Boost.X.debug.map -E1 -ver=XC8 --acfsm=1493 \
  -ASTACK=0A0h-0efh -pstack=STACK -ACODE=00h-07FFhx3,01800h-01EFFh \
  -ASTRCODE=00h-01EFFh -ASTRING=00h-0FFhx31 -ACONST=00h-0FFhx31 \
  -AENTRY=00h-0FFhx31 -ACOMMON=071h-07Fh -ABANK0=020h-06Fh \
  -ABANK1=0A0h-0EFh -ABANK2=0120h-0164h \
  -ARAM=020h-06Fh,0A0h-0EFh,0120h-0164h \
  -AABS1=020h-07Fh,0A0h-0EFh,0120h-016Fh -ASFR0=00h-01Fh -ASFR1=080h-09Fh \
  -ASFR2=0100h-011Fh -ASFR3=0180h-01F0h \
  -preset_vec=00h,intentry=04h,init,end_init -ppowerup=CODE -pcinit=CODE \
  -pfunctab=ENTRY -ACONFIG=02007h-02007h -pconfig=CONFIG -DCONFIG=2 \
  -AIDLOC=02000h-02003h -pidloc=IDLOC -DIDLOC=2 -posccal=01FFFh -DCODE=2 \
  -DSTRCODE=2 -DSTRING=2 -DCONST=2 -DENTRY=2 -k \
  C:\Users\A50807\AppData\Local\Temp\sj5g.o \
  dist/default/debug\Boost.X.debug.o 

Object code version is 3.11

Machine type is MCP19215



                Name                               Link     Load   Length Selector   Space Scale
C:\Users\A50807\AppData\Local\Temp\sj5g.o
                end_init                             10       10        3        8       0
                reset_vec                             0        0        4        0       0
                config                             2007     2007        1     400E       0
dist/default/debug\Boost.X.debug.o
                cinit                               7EF      7EF       11      FDE       0
                functab                              13       13        A       26       0
                intentry                              4        4        C        8       0
                text18                              2C4      2C4        1      588       0
                text17                              376      376       24      6EC       0
                text16                              31D      31D       1A      63A       0
                text15                              355      355       21      6AA       0
                text14                              2DD      2DD        9      5BA       0
                text13                              466      466       65      8CC       0
                text12                              579      579      137      AF2       0
                text11                              39A      39A       28      734       0
                text10                              6B0      6B0      13F      D60       0
                text9                               3C2      3C2       29      784       0
                text8                               2C5      2C5        8      58A       0
                text7                               2F2      2F2       14      5E4       0
                text6                               4CB      4CB       AE      996       0
                text5                               2E6      2E6        C      5CC       0
                text4                               2CD      2CD        8      59A       0
                text3                               306      306       17      60C       0
                text2                               337      337       1E      66E       0
                text1                               3EB      3EB       29      7D6       0
                maintext                            414      414       52      828       0
                cstackBANK0                          20       20       14       20       1
                cstackCOMMON                         71       71        5       71       1
                clrtext                             2D5      2D5        8      5AA       0
                bssBANK0                             34       34       10       20       1
                bssCOMMON                            76       76        4       71       1

TOTAL           Name                               Link     Load   Length     Space
        CLASS   STACK          

        CLASS   CODE           
                end_init                             10       10        3         0
                cinit                               7EF      7EF       11         0
                intentry                              4        4        C         0
                reset_vec                             0        0        4         0
                text18                              2C4      2C4        1         0
                text17                              376      376       24         0
                text16                              31D      31D       1A         0
                text15                              355      355       21         0
                text14                              2DD      2DD        9         0
                text13                              466      466       65         0
                text12                              579      579      137         0
                text11                              39A      39A       28         0
                text10                              6B0      6B0      13F         0
                text9                               3C2      3C2       29         0
                text8                               2C5      2C5        8         0
                text7                               2F2      2F2       14         0
                text6                               4CB      4CB       AE         0
                text5                               2E6      2E6        C         0
                text4                               2CD      2CD        8         0
                text3                               306      306       17         0
                text2                               337      337       1E         0
                text1                               3EB      3EB       29         0
                maintext                            414      414       52         0
                clrtext                             2D5      2D5        8         0

        CLASS   STRCODE        

        CLASS   STRING         

        CLASS   CONST          

        CLASS   ENTRY          
                functab                              13       13        A         0

        CLASS   COMMON         
                cstackCOMMON                         71       71        5         1
                bssCOMMON                            76       76        4         1

        CLASS   BANK0          
                cstackBANK0                          20       20       14         1
                bssBANK0                             34       34       10         1

        CLASS   BANK1          

        CLASS   BANK2          

        CLASS   RAM            

        CLASS   ABS1           
                abs_s1                               7E       7E        2         1

        CLASS   SFR0           

        CLASS   SFR1           

        CLASS   SFR2           

        CLASS   SFR3           

        CLASS   CONFIG         
                config                             2007     2007        1         0

        CLASS   IDLOC          

        CLASS   BANK3          

        CLASS   EEDATA         



SEGMENTS        Name                           Load    Length   Top    Selector   Space  Class     Delta

                reset_vec                      000000  000004  000004         0       0  CODE        2
                intentry                       000004  00000F  000013         8       0  CODE        2
                cstackBANK0                    000020  000024  000044        20       1  BANK0       1
                functab                        000013  00000A  00001D        26       0  ENTRY       2
                cstackCOMMON                   000071  000009  00007A        71       1  COMMON      1
                text18                         0002C4  000001  0002C5       588       0  CODE        2
                text8                          0002C5  000008  0002CD       58A       0  CODE        2
                text4                          0002CD  000008  0002D5       59A       0  CODE        2
                clrtext                        0002D5  000008  0002DD       5AA       0  CODE        2
                text14                         0002DD  000009  0002E6       5BA       0  CODE        2
                text5                          0002E6  00000C  0002F2       5CC       0  CODE        2
                text7                          0002F2  000014  000306       5E4       0  CODE        2
                text3                          000306  000017  00031D       60C       0  CODE        2
                text16                         00031D  00001A  000337       63A       0  CODE        2
                text2                          000337  00001E  000355       66E       0  CODE        2
                text15                         000355  000021  000376       6AA       0  CODE        2
                text17                         000376  000024  00039A       6EC       0  CODE        2
                text11                         00039A  000028  0003C2       734       0  CODE        2
                text9                          0003C2  000029  0003EB       784       0  CODE        2
                text1                          0003EB  000029  000414       7D6       0  CODE        2
                maintext                       000414  000052  000466       828       0  CODE        2
                text13                         000466  000065  0004CB       8CC       0  CODE        2
                text6                          0004CB  0000AE  000579       996       0  CODE        2
                text12                         000579  000137  0006B0       AF2       0  CODE        2
                text10                         0006B0  00013F  0007EF       D60       0  CODE        2
                cinit                          0007EF  000011  000800       FDE       0  CODE        2
                config                         002007  000001  002008      400E       0  CONFIG      2


UNUSED ADDRESS RANGES

        Name                Unused          Largest block    Delta
        BANK0            0044-006F             2C           1
        BANK1            00A0-00EF             50           1
        BANK2            0120-0164             45           1
        CODE             001D-02C3            2A7           2
                         0800-1EFF            800
        COMMON           007A-007D              4           1
        CONST            001D-02C3            100           2
                         0800-1EFF            100
        ENTRY            001D-02C3            100           2
                         0800-1EFF            100
        IDLOC            2000-2003              4           2
        RAM              0044-006F             2C           1
                         00A0-00EF             50
                         0120-0164             45
        SFR0             0000-001F             20           1
        SFR1             0080-009F             20           1
        SFR2             0100-011F             20           1
        SFR3             0180-01F0             71           1
        STACK            00A0-00EF             50           1
        STRCODE          001D-02C3            2A7           2
                         0800-1EFF           1700
        STRING           001D-02C3            100           2
                         0800-1EFF            100

                                  Symbol Table

?_ADC_GetConversion                       cstackBANK0  0020
?___awmod                                 cstackBANK0  0020
ADC_GetConversion@channel                 cstackBANK0  0022
IVOUT1_Initialize@target                  cstackBANK0  0033
IVOUT1_SetOutput@firstStep                cstackBANK0  002B
IVOUT1_SetOutput@firstStep_295            cstackBANK0  002C
IVOUT1_SetOutput@firstStep_297            cstackBANK0  002D
IVOUT1_SetOutput@firstStep_298            cstackBANK0  002E
IVOUT1_SetOutput@outputStep               cstackBANK0  0030
IVOUT1_SetOutput@outputTarget             cstackBANK0  0031
IVOUT1_SetOutput@pwmStep                  cstackBANK0  002F
IVOUT2_Initialize@target                  cstackBANK0  0033
IVOUT2_SetOutput@firstStep                cstackBANK0  002B
IVOUT2_SetOutput@firstStep_362            cstackBANK0  002C
IVOUT2_SetOutput@firstStep_364            cstackBANK0  002D
IVOUT2_SetOutput@firstStep_365            cstackBANK0  002E
IVOUT2_SetOutput@outputStep               cstackBANK0  0030
IVOUT2_SetOutput@outputTarget             cstackBANK0  0031
IVOUT2_SetOutput@pwmStep                  cstackBANK0  002F
TMR0_SetInterruptHandler@InterruptHandler cstackBANK0  0020
_ABECON1                                  (abs)        010C
_ABECON1bits                              (abs)        010C
_ABECON2bits                              (abs)        010D
_ADBT                                     (abs)        019A
_ADCON0                                   (abs)        001E
_ADCON0bits                               (abs)        001E
_ADCON1                                   (abs)        001F
_ADC_GetConversion                        text15       0355
_ADC_Initialize                           text14       02DD
_ADC_channel_AN4                          bssBANK0     0034
_ADRESH                                   (abs)        001D
_ADRESL                                   (abs)        001C
_CREFCON1                                 (abs)        008F
_CREFCON2                                 (abs)        0090
_DACBGRCAL                                (abs)        019B
_DACCAL1                                  (abs)        0198
_DACCAL2                                  (abs)        0199
_DCSCAL1                                  (abs)        0198
_DCSCAL2                                  (abs)        0199
_EACAL1                                   (abs)        019A
_EACAL2                                   (abs)        0196
_GAIN1                                    bssBANK0     0042
_GAIN2                                    bssBANK0     0040
_GMCAL1                                   (abs)        0196
_GMCAL2                                   (abs)        0197
_ICLEBCONbits                             (abs)        009F
_ICOACONbits                              (abs)        009E
_INTCONbits                               (abs)        000B
_INTERRUPT_InterruptManager               text16       031D
_IVOUT1_Initialize                        text11       039A
_IVOUT1_SetOutput                         text12       0579
_IVOUT2_Initialize                        text9        03C2
_IVOUT2_SetOutput                         text10       06B0
_LOOPCON1                                 (abs)        0099
_LOOPCON2                                 (abs)        009A
_OPTION_REG                               (abs)        0081
_OPTION_REGbits                           (abs)        0081
_OSCCAL                                   (abs)        019E
_OSCILLATOR_Initialize                    text8        02C5
_PDSCAL                                   (abs)        019C
_PE1                                      (abs)        0107
_PE1bits                                  (abs)        0107
_PIN_MANAGER_Initialize                   text7        02F2
_PIR2bits                                 (abs)        0008
_PMADRH                                   (abs)        0193
_PMADRL                                   (abs)        0192
_PMCON1bits                               (abs)        0190
_PMDAT                                    (abs)        0194
_PMDATH                                   (abs)        0195
_PMDATL                                   (abs)        0194
_PORTAbits                                (abs)        0005
_PORTGPA                                  (abs)        0005
_PORTGPB                                  (abs)        0006
_PR2                                      (abs)        0011
_PWM1RL                                   (abs)        0017
_PWM1_EA1_Current_loop_reference_voltage  bssBANK0     003A
_PWM1_EA2_Voltage_loop_reference_voltage  bssBANK0     0038
_PWM1_VFB1_pin_voltage                    bssBANK0     0036
_PWM2PHL                                  (abs)        0013
_PWM2RL                                   (abs)        0015
_Reference_1024mV                         bssBANK0     003C
_SLPCRCON1                                (abs)        009C
_SLPCRCON2                                (abs)        009D
_SYSTEM_CONFIGURATION_Initialize          text5        02E6
_SYSTEM_Initialize                        text1        03EB
_T2CON                                    (abs)        0010
_T2CONbits                                (abs)        0010
_TANA                                     bssCOMMON    0076
_TEMP_SNS                                 bssBANK0     003E
_TMR0                                     (abs)        0001
_TMR0_DefaultInterruptHandler             text18       02C4
_TMR0_ISR                                 text17       0376
_TMR0_Initialize                          text3        0306
_TMR0_InterruptHandler                    bssCOMMON    0078
_TMR0_SetInterruptHandler                 text4        02CD
_TMR2                                     (abs)        000F
_TRISGPA                                  (abs)        0085
_TRISGPB                                  (abs)        0086
_TTCAL                                    (abs)        009B
_VINCON                                   (abs)        008E
_VINOVLO                                  (abs)        008D
_VINUVLO                                  (abs)        008C
_VIN_Initialize                           text2        0337
_VRCAL                                    (abs)        019D
_VREFCON1                                 (abs)        0091
_VREFCON2                                 (abs)        0092
_WPUGPA                                   (abs)        0105
_WPUGPB                                   (abs)        0106
__CFG_BOREN$ON                            (abs)        0000
__CFG_CP$OFF                              (abs)        0000
__CFG_MCLRE$ON                            (abs)        0000
__CFG_PWRTE$OFF                           (abs)        0000
__CFG_WDTE$OFF                            (abs)        0000
__CFG_WRT$OFF                             (abs)        0000
__Habs1                                   abs1         3FFE
__Hbank0                                  bank0        3FFE
__Hbank1                                  bank1        3FFE
__Hbank2                                  bank2        3FFE
__Hbank3                                  bank3        3FFE
__HbssBANK0                               bssBANK0     3FFE
__HbssCOMMON                              bssCOMMON    3FFE
__Hcinit                                  cinit        0800
__Hclrtext                                clrtext      3FFE
__Hcode                                   code         3FFE
__Hcommon                                 common       3FFE
__Hconfig                                 config       2008
__HcstackBANK0                            cstackBANK0  3FFE
__HcstackCOMMON                           cstackCOMMON 3FFE
__Heeprom_data                            eeprom_data  1FFF
__Hend_init                               end_init     0013
__Hfunctab                                functab      001D
__Hidloc                                  idloc        0000
__Hinit                                   init         0010
__Hintentry                               intentry     0010
__Hmaintext                               maintext     3FFE
__Hosccal                                 osccal       1FFF
__Hpowerup                                powerup      0000
__Hram                                    ram          3FFE
__Hreset_vec                              reset_vec    0004
__Hsfr0                                   sfr0         3FFE
__Hsfr1                                   sfr1         3FFE
__Hsfr2                                   sfr2         3FFE
__Hsfr3                                   sfr3         3FFE
__Hspace_0                                (abs)        3FFE
__Hspace_1                                (abs)        3FFE
__Hspace_2                                (abs)        0000
__Hspace_3                                (abs)        1FFF
__Hstack                                  stack        0000
__Hstrings                                strings      3FFE
__Htext                                   text         3FFE
__Labs1                                   abs1         3FFE
__Lbank0                                  bank0        3FFE
__Lbank1                                  bank1        3FFE
__Lbank2                                  bank2        3FFE
__Lbank3                                  bank3        3FFE
__LbssBANK0                               bssBANK0     3FFE
__LbssCOMMON                              bssCOMMON    3FFE
__Lcinit                                  cinit        07EF
__Lclrtext                                clrtext      3FFE
__Lcode                                   code         3FFE
__Lcommon                                 common       3FFE
__Lconfig                                 config       2007
__LcstackBANK0                            cstackBANK0  3FFE
__LcstackCOMMON                           cstackCOMMON 3FFE
__Leeprom_data                            eeprom_data  1FFF
__Lend_init                               end_init     0010
__Lfunctab                                functab      0013
__Lidloc                                  idloc        0000
__Linit                                   init         0010
__Lintentry                               intentry     0004
__Lmaintext                               maintext     3FFE
__Losccal                                 osccal       1FFF
__Lpowerup                                powerup      0000
__Lram                                    ram          3FFE
__Lreset_vec                              reset_vec    0000
__Lsfr0                                   sfr0         3FFE
__Lsfr1                                   sfr1         3FFE
__Lsfr2                                   sfr2         3FFE
__Lsfr3                                   sfr3         3FFE
__Lspace_0                                (abs)        0000
__Lspace_1                                (abs)        0000
__Lspace_2                                (abs)        0000
__Lspace_3                                (abs)        0000
__Lstack                                  stack        0000
__Lstrings                                strings      3FFE
__Ltext                                   text         3FFE
__S0                                      (abs)        2008
__S1                                      (abs)        007A
__S2                                      (abs)        0000
___awmod                                  text13       0466
___awmod@counter                          cstackBANK0  0024
___awmod@dividend                         cstackBANK0  0022
___awmod@divisor                          cstackBANK0  0020
___awmod@sign                             cstackBANK0  0025
___int_sp                                 stack        0000
___latbits                                (abs)        0002
___osccal_val                             osccal       1FFF
___sp                                     stack        0000
__end_of_ADC_GetConversion                text15       0376
__end_of_ADC_Initialize                   text14       02E6
__end_of_INTERRUPT_InterruptManager       text16       0337
__end_of_IVOUT1_Initialize                text11       03C2
__end_of_IVOUT1_SetOutput                 text12       06B0
__end_of_IVOUT2_Initialize                text9        03EB
__end_of_IVOUT2_SetOutput                 text10       07EF
__end_of_OSCILLATOR_Initialize            text8        02CD
__end_of_PIN_MANAGER_Initialize           text7        0306
__end_of_SYSTEM_CONFIGURATION_Initialize  text5        02F2
__end_of_SYSTEM_Initialize                text1        0414
__end_of_TMR0_DefaultInterruptHandler     text18       02C5
__end_of_TMR0_ISR                         text17       039A
__end_of_TMR0_Initialize                  text3        031D
__end_of_TMR0_SetInterruptHandler         text4        02D5
__end_of_VIN_Initialize                   text2        0355
__end_of___awmod                          text13       04CB
__end_of__i1fptable                       functab      001D
__end_of__initialization                  cinit        07FC
__end_of_init_Calibration                 text6        0579
__end_of_main                             maintext     0466
__i1fptable                               functab      0014
__initialization                          cinit        07EF
__pbssBANK0                               bssBANK0     0034
__pbssCOMMON                              bssCOMMON    0076
__pcstackBANK0                            cstackBANK0  0020
__pcstackCOMMON                           cstackCOMMON 0071
__pfunctab                                functab      0013
__pintentry                               intentry     0004
__pmaintext                               maintext     0414
__ptext1                                  text1        03EB
__ptext10                                 text10       06B0
__ptext11                                 text11       039A
__ptext12                                 text12       0579
__ptext13                                 text13       0466
__ptext14                                 text14       02DD
__ptext15                                 text15       0355
__ptext16                                 text16       031D
__ptext17                                 text17       0376
__ptext18                                 text18       02C4
__ptext2                                  text2        0337
__ptext3                                  text3        0306
__ptext4                                  text4        02CD
__ptext5                                  text5        02E6
__ptext6                                  text6        04CB
__ptext7                                  text7        02F2
__ptext8                                  text8        02C5
__ptext9                                  text9        03C2
__size_of_ADC_GetConversion               (abs)        0000
__size_of_ADC_Initialize                  (abs)        0000
__size_of_INTERRUPT_InterruptManager      (abs)        0000
__size_of_IVOUT1_Initialize               (abs)        0000
__size_of_IVOUT1_SetOutput                (abs)        0000
__size_of_IVOUT2_Initialize               (abs)        0000
__size_of_IVOUT2_SetOutput                (abs)        0000
__size_of_OSCILLATOR_Initialize           (abs)        0000
__size_of_PIN_MANAGER_Initialize          (abs)        0000
__size_of_SYSTEM_CONFIGURATION_Initialize (abs)        0000
__size_of_SYSTEM_Initialize               (abs)        0000
__size_of_TMR0_DefaultInterruptHandler    (abs)        0000
__size_of_TMR0_ISR                        (abs)        0000
__size_of_TMR0_Initialize                 (abs)        0000
__size_of_TMR0_SetInterruptHandler        (abs)        0000
__size_of_VIN_Initialize                  (abs)        0000
__size_of___awmod                         (abs)        0000
__size_of__i1fptable                      (abs)        0000
__size_of_init_Calibration                (abs)        0000
__size_of_main                            (abs)        0000
_init_Calibration                         text6        04CB
_main                                     maintext     0414
_timer0ReloadVal                          bssCOMMON    0079
btemp                                     (abs)        007E
clear_ram0                                clrtext      02D5
end_of_initialization                     cinit        07FC
fpbase                                    (abs)        0000
fptable                                   functab      0013
fptotal                                   (abs)        0000
i1fpbase                                  functab      0019
i1fptable                                 functab      0014
i1fptotal                                 (abs)        0002
interrupt_function                        intentry     0004
intlevel0                                 functab      0013
intlevel1                                 functab      0013
intlevel2                                 functab      0013
intlevel3                                 functab      0013
intlevel4                                 functab      0013
intlevel5                                 functab      0013
reset_vec                                 reset_vec    0000
saved_w                                   (abs)        007E
stackhi                                   (abs)        0000
stacklo                                   (abs)        0000
start                                     init         0010
start_initialization                      cinit        07EF
wtemp0                                    (abs)        007E


FUNCTION INFORMATION:

 *************** function _main *****************
 Defined at:
		line 57 in file "main.c"
 Parameters:    Size  Location     Type
		None
 Auto vars:     Size  Location     Type
		None
 Return value:  Size  Location     Type
                  1    wreg      void 
 Registers used:
		wreg, status,2, status,0, pclath, cstack
 Tracked objects:
		On entry : 
		On exit  : 
		Unchanged: 
 Data sizes:     COMMON   BANK0   BANK1   BANK2
      Params:         0       0       0       0
      Locals:         0       0       0       0
      Temps:          0       0       0       0
      Totals:         0       0       0       0
Total ram usage:        0 bytes
 Hardware stack levels required when called:    7
 This function calls:
		_ADC_GetConversion
		_SYSTEM_Initialize
 This function is called by:
		Startup code after reset
 This function uses a non-reentrant model


 *************** function _SYSTEM_Initialize *****************
 Defined at:
		line 56 in file "mcc_generated_files/mcc.c"
 Parameters:    Size  Location     Type
		None
 Auto vars:     Size  Location     Type
		None
 Return value:  Size  Location     Type
                  1    wreg      void 
 Registers used:
		wreg, status,2, status,0, pclath, cstack
 Tracked objects:
		On entry : 
		On exit  : 
		Unchanged: 
 Data sizes:     COMMON   BANK0   BANK1   BANK2
      Params:         0       0       0       0
      Locals:         0       0       0       0
      Temps:          0       0       0       0
      Totals:         0       0       0       0
Total ram usage:        0 bytes
 Hardware stack levels used:    1
 Hardware stack levels required when called:    6
 This function calls:
		_ADC_Initialize
		_IVOUT1_Initialize
		_IVOUT2_Initialize
		_OSCILLATOR_Initialize
		_PIN_MANAGER_Initialize
		_SYSTEM_CONFIGURATION_Initialize
		_TMR0_Initialize
		_VIN_Initialize
 This function is called by:
		_main
 This function uses a non-reentrant model


 *************** function _VIN_Initialize *****************
 Defined at:
		line 56 in file "mcc_generated_files/vin.c"
 Parameters:    Size  Location     Type
		None
 Auto vars:     Size  Location     Type
		None
 Return value:  Size  Location     Type
                  1    wreg      void 
 Registers used:
		wreg
 Tracked objects:
		On entry : 
		On exit  : 
		Unchanged: 
 Data sizes:     COMMON   BANK0   BANK1   BANK2
      Params:         0       0       0       0
      Locals:         0       0       0       0
      Temps:          0       2       0       0
      Totals:         0       2       0       0
Total ram usage:        2 bytes
 Hardware stack levels used:    1
 Hardware stack levels required when called:    3
 This function calls:
		Nothing
 This function is called by:
		_SYSTEM_Initialize
 This function uses a non-reentrant model


 *************** function _TMR0_Initialize *****************
 Defined at:
		line 57 in file "mcc_generated_files/tmr0.c"
 Parameters:    Size  Location     Type
		None
 Auto vars:     Size  Location     Type
		None
 Return value:  Size  Location     Type
                  1    wreg      void 
 Registers used:
		wreg, status,2, status,0, pclath, cstack
 Tracked objects:
		On entry : 
		On exit  : 
		Unchanged: 
 Data sizes:     COMMON   BANK0   BANK1   BANK2
      Params:         0       0       0       0
      Locals:         0       0       0       0
      Temps:          0       1       0       0
      Totals:         0       1       0       0
Total ram usage:        1 bytes
 Hardware stack levels used:    1
 Hardware stack levels required when called:    4
 This function calls:
		_TMR0_SetInterruptHandler
 This function is called by:
		_SYSTEM_Initialize
 This function uses a non-reentrant model


 *************** function _TMR0_SetInterruptHandler *****************
 Defined at:
		line 120 in file "mcc_generated_files/tmr0.c"
 Parameters:    Size  Location     Type
  InterruptHan    1    wreg     PTR FTN()void 
		 -> TMR0_DefaultInterruptHandler(1), 
 Auto vars:     Size  Location     Type
  InterruptHan    1    0[BANK0 ] PTR FTN()void 
		 -> TMR0_DefaultInterruptHandler(1), 
 Return value:  Size  Location     Type
                  1    wreg      void 
 Registers used:
		wreg
 Tracked objects:
		On entry : 
		On exit  : 
		Unchanged: 
 Data sizes:     COMMON   BANK0   BANK1   BANK2
      Params:         0       0       0       0
      Locals:         0       1       0       0
      Temps:          1       0       0       0
      Totals:         1       1       0       0
Total ram usage:        2 bytes
 Hardware stack levels used:    1
 Hardware stack levels required when called:    3
 This function calls:
		Nothing
 This function is called by:
		_TMR0_Initialize
 This function uses a non-reentrant model


 *************** function _SYSTEM_CONFIGURATION_Initialize *****************
 Defined at:
		line 81 in file "mcc_generated_files/mcc.c"
 Parameters:    Size  Location     Type
		None
 Auto vars:     Size  Location     Type
		None
 Return value:  Size  Location     Type
                  1    wreg      void 
 Registers used:
		wreg, status,2, status,0, pclath, cstack
 Tracked objects:
		On entry : 
		On exit  : 
		Unchanged: 
 Data sizes:     COMMON   BANK0   BANK1   BANK2
      Params:         0       0       0       0
      Locals:         0       0       0       0
      Temps:          0       0       0       0
      Totals:         0       0       0       0
Total ram usage:        0 bytes
 Hardware stack levels used:    1
 Hardware stack levels required when called:    4
 This function calls:
		_init_Calibration
 This function is called by:
		_SYSTEM_Initialize
 This function uses a non-reentrant model


 *************** function _init_Calibration *****************
 Defined at:
		line 48 in file "mcc_generated_files/calibration.c"
 Parameters:    Size  Location     Type
		None
 Auto vars:     Size  Location     Type
		None
 Return value:  Size  Location     Type
                  1    wreg      void 
 Registers used:
		wreg, status,2, status,0
 Tracked objects:
		On entry : 
		On exit  : 
		Unchanged: 
 Data sizes:     COMMON   BANK0   BANK1   BANK2
      Params:         0       0       0       0
      Locals:         0       0       0       0
      Temps:          0       2       0       0
      Totals:         0       2       0       0
Total ram usage:        2 bytes
 Hardware stack levels used:    1
 Hardware stack levels required when called:    3
 This function calls:
		Nothing
 This function is called by:
		_SYSTEM_CONFIGURATION_Initialize
 This function uses a non-reentrant model


 *************** function _PIN_MANAGER_Initialize *****************
 Defined at:
		line 50 in file "mcc_generated_files/pin_manager.c"
 Parameters:    Size  Location     Type
		None
 Auto vars:     Size  Location     Type
		None
 Return value:  Size  Location     Type
                  1    wreg      void 
 Registers used:
		wreg, status,2
 Tracked objects:
		On entry : 
		On exit  : 
		Unchanged: 
 Data sizes:     COMMON   BANK0   BANK1   BANK2
      Params:         0       0       0       0
      Locals:         0       0       0       0
      Temps:          0       0       0       0
      Totals:         0       0       0       0
Total ram usage:        0 bytes
 Hardware stack levels used:    1
 Hardware stack levels required when called:    3
 This function calls:
		Nothing
 This function is called by:
		_SYSTEM_Initialize
 This function uses a non-reentrant model


 *************** function _OSCILLATOR_Initialize *****************
 Defined at:
		line 68 in file "mcc_generated_files/mcc.c"
 Parameters:    Size  Location     Type
		None
 Auto vars:     Size  Location     Type
		None
 Return value:  Size  Location     Type
                  1    wreg      void 
 Registers used:
		wreg, status,2
 Tracked objects:
		On entry : 
		On exit  : 
		Unchanged: 
 Data sizes:     COMMON   BANK0   BANK1   BANK2
      Params:         0       0       0       0
      Locals:         0       0       0       0
      Temps:          0       0       0       0
      Totals:         0       0       0       0
Total ram usage:        0 bytes
 Hardware stack levels used:    1
 Hardware stack levels required when called:    3
 This function calls:
		Nothing
 This function is called by:
		_SYSTEM_Initialize
 This function uses a non-reentrant model


 *************** function _IVOUT2_Initialize *****************
 Defined at:
		line 58 in file "mcc_generated_files/ivout2.c"
 Parameters:    Size  Location     Type
		None
 Auto vars:     Size  Location     Type
  target          1   19[BANK0 ] unsigned char 
 Return value:  Size  Location     Type
                  1    wreg      void 
 Registers used:
		wreg, status,2, status,0, pclath, cstack
 Tracked objects:
		On entry : 
		On exit  : 
		Unchanged: 
 Data sizes:     COMMON   BANK0   BANK1   BANK2
      Params:         0       0       0       0
      Locals:         0       1       0       0
      Temps:          0       1       0       0
      Totals:         0       2       0       0
Total ram usage:        2 bytes
 Hardware stack levels used:    1
 Hardware stack levels required when called:    5
 This function calls:
		_IVOUT2_SetOutput
 This function is called by:
		_SYSTEM_Initialize
 This function uses a non-reentrant model


 *************** function _IVOUT2_SetOutput *****************
 Defined at:
		line 87 in file "mcc_generated_files/ivout2.c"
 Parameters:    Size  Location     Type
  outputTarget    1    wreg     unsigned char 
 Auto vars:     Size  Location     Type
  outputTarget    1   17[BANK0 ] unsigned char 
  firstStep       1   14[BANK0 ] unsigned char 
  firstStep       1   13[BANK0 ] unsigned char 
  firstStep       1   12[BANK0 ] unsigned char 
  firstStep       1   11[BANK0 ] unsigned char 
  outputStep      1   16[BANK0 ] unsigned char 
  pwmStep         1   15[BANK0 ] unsigned char 
 Return value:  Size  Location     Type
                  1    wreg      void 
 Registers used:
		wreg, status,2, status,0, pclath, cstack
 Tracked objects:
		On entry : 
		On exit  : 
		Unchanged: 
 Data sizes:     COMMON   BANK0   BANK1   BANK2
      Params:         0       0       0       0
      Locals:         0       7       0       0
      Temps:          0       5       0       0
      Totals:         0      12       0       0
Total ram usage:       12 bytes
 Hardware stack levels used:    1
 Hardware stack levels required when called:    4
 This function calls:
		___awmod
 This function is called by:
		_IVOUT2_Initialize
 This function uses a non-reentrant model


 *************** function _IVOUT1_Initialize *****************
 Defined at:
		line 58 in file "mcc_generated_files/ivout1.c"
 Parameters:    Size  Location     Type
		None
 Auto vars:     Size  Location     Type
  target          1   19[BANK0 ] unsigned char 
 Return value:  Size  Location     Type
                  1    wreg      void 
 Registers used:
		wreg, status,2, status,0, pclath, cstack
 Tracked objects:
		On entry : 
		On exit  : 
		Unchanged: 
 Data sizes:     COMMON   BANK0   BANK1   BANK2
      Params:         0       0       0       0
      Locals:         0       1       0       0
      Temps:          0       1       0       0
      Totals:         0       2       0       0
Total ram usage:        2 bytes
 Hardware stack levels used:    1
 Hardware stack levels required when called:    5
 This function calls:
		_IVOUT1_SetOutput
 This function is called by:
		_SYSTEM_Initialize
 This function uses a non-reentrant model


 *************** function _IVOUT1_SetOutput *****************
 Defined at:
		line 85 in file "mcc_generated_files/ivout1.c"
 Parameters:    Size  Location     Type
  outputTarget    1    wreg     unsigned char 
 Auto vars:     Size  Location     Type
  outputTarget    1   17[BANK0 ] unsigned char 
  firstStep       1   14[BANK0 ] unsigned char 
  firstStep       1   13[BANK0 ] unsigned char 
  firstStep       1   12[BANK0 ] unsigned char 
  firstStep       1   11[BANK0 ] unsigned char 
  outputStep      1   16[BANK0 ] unsigned char 
  pwmStep         1   15[BANK0 ] unsigned char 
 Return value:  Size  Location     Type
                  1    wreg      void 
 Registers used:
		wreg, status,2, status,0, pclath, cstack
 Tracked objects:
		On entry : 
		On exit  : 
		Unchanged: 
 Data sizes:     COMMON   BANK0   BANK1   BANK2
      Params:         0       0       0       0
      Locals:         0       7       0       0
      Temps:          0       5       0       0
      Totals:         0      12       0       0
Total ram usage:       12 bytes
 Hardware stack levels used:    1
 Hardware stack levels required when called:    4
 This function calls:
		___awmod
 This function is called by:
		_IVOUT1_Initialize
 This function uses a non-reentrant model


 *************** function ___awmod *****************
 Defined at:
		line 5 in file "C:\Program Files (x86)\Microchip\xc8\v2.00\pic\sources\c90\common\awmod.c"
 Parameters:    Size  Location     Type
  divisor         2    0[BANK0 ] int 
  dividend        2    2[BANK0 ] int 
 Auto vars:     Size  Location     Type
  sign            1    5[BANK0 ] unsigned char 
  counter         1    4[BANK0 ] unsigned char 
 Return value:  Size  Location     Type
                  2    0[BANK0 ] int 
 Registers used:
		wreg, status,2, status,0
 Tracked objects:
		On entry : 
		On exit  : 
		Unchanged: 
 Data sizes:     COMMON   BANK0   BANK1   BANK2
      Params:         0       4       0       0
      Locals:         0       2       0       0
      Temps:          1       0       0       0
      Totals:         1       6       0       0
Total ram usage:        7 bytes
 Hardware stack levels used:    1
 Hardware stack levels required when called:    3
 This function calls:
		Nothing
 This function is called by:
		_IVOUT1_SetOutput
		_IVOUT2_SetOutput
 This function uses a non-reentrant model


 *************** function _ADC_Initialize *****************
 Defined at:
		line 63 in file "mcc_generated_files/adc.c"
 Parameters:    Size  Location     Type
		None
 Auto vars:     Size  Location     Type
		None
 Return value:  Size  Location     Type
                  1    wreg      void 
 Registers used:
		wreg, status,2
 Tracked objects:
		On entry : 
		On exit  : 
		Unchanged: 
 Data sizes:     COMMON   BANK0   BANK1   BANK2
      Params:         0       0       0       0
      Locals:         0       0       0       0
      Temps:          0       0       0       0
      Totals:         0       0       0       0
Total ram usage:        0 bytes
 Hardware stack levels used:    1
 Hardware stack levels required when called:    3
 This function calls:
		Nothing
 This function is called by:
		_SYSTEM_Initialize
 This function uses a non-reentrant model


 *************** function _ADC_GetConversion *****************
 Defined at:
		line 110 in file "mcc_generated_files/adc.c"
 Parameters:    Size  Location     Type
  channel         1    wreg     enum E1482
 Auto vars:     Size  Location     Type
  channel         1    2[BANK0 ] enum E1482
 Return value:  Size  Location     Type
                  2    0[BANK0 ] unsigned int 
 Registers used:
		wreg, status,2, status,0
 Tracked objects:
		On entry : 
		On exit  : 
		Unchanged: 
 Data sizes:     COMMON   BANK0   BANK1   BANK2
      Params:         0       2       0       0
      Locals:         0       1       0       0
      Temps:          1       0       0       0
      Totals:         1       3       0       0
Total ram usage:        4 bytes
 Hardware stack levels used:    1
 Hardware stack levels required when called:    3
 This function calls:
		Nothing
 This function is called by:
		_main
 This function uses a non-reentrant model


 *************** function _INTERRUPT_InterruptManager *****************
 Defined at:
		line 50 in file "mcc_generated_files/interrupt_manager.c"
 Parameters:    Size  Location     Type
		None
 Auto vars:     Size  Location     Type
		None
 Return value:  Size  Location     Type
                  1    wreg      void 
 Registers used:
		wreg, status,2, status,0, pclath, cstack
 Tracked objects:
		On entry : 
		On exit  : 
		Unchanged: 
 Data sizes:     COMMON   BANK0   BANK1   BANK2
      Params:         0       0       0       0
      Locals:         0       0       0       0
      Temps:          3       0       0       0
      Totals:         3       0       0       0
Total ram usage:        3 bytes
 Hardware stack levels used:    1
 Hardware stack levels required when called:    2
 This function calls:
		_TMR0_ISR
 This function is called by:
		Interrupt level 1
 This function uses a non-reentrant model


 *************** function _TMR0_ISR *****************
 Defined at:
		line 101 in file "mcc_generated_files/tmr0.c"
 Parameters:    Size  Location     Type
		None
 Auto vars:     Size  Location     Type
		None
 Return value:  Size  Location     Type
                  1    wreg      void 
 Registers used:
		wreg, status,2, status,0, pclath, cstack
 Tracked objects:
		On entry : 
		On exit  : 
		Unchanged: 
 Data sizes:     COMMON   BANK0   BANK1   BANK2
      Params:         0       0       0       0
      Locals:         0       0       0       0
      Temps:          1       0       0       0
      Totals:         1       0       0       0
Total ram usage:        1 bytes
 Hardware stack levels used:    1
 Hardware stack levels required when called:    1
 This function calls:
		Absolute function
		_TMR0_DefaultInterruptHandler
 This function is called by:
		_INTERRUPT_InterruptManager
 This function uses a non-reentrant model


 *************** function _TMR0_DefaultInterruptHandler *****************
 Defined at:
		line 124 in file "mcc_generated_files/tmr0.c"
 Parameters:    Size  Location     Type
		None
 Auto vars:     Size  Location     Type
		None
 Return value:  Size  Location     Type
                  1    wreg      void 
 Registers used:
		None
 Tracked objects:
		On entry : 
		On exit  : 
		Unchanged: 
 Data sizes:     COMMON   BANK0   BANK1   BANK2
      Params:         0       0       0       0
      Locals:         0       0       0       0
      Temps:          0       0       0       0
      Totals:         0       0       0       0
Total ram usage:        0 bytes
 Hardware stack levels used:    1
 This function calls:
		Nothing
 This function is called by:
		_TMR0_Initialize
		_TMR0_ISR
 This function uses a non-reentrant model



MODULE INFORMATION

Module		Function		Class		Link	Load	Size
mcc_generated_files/vin.c
		_VIN_Initialize		CODE           	0337	0000	31

mcc_generated_files/vin.c estimated size: 31

mcc_generated_files/ivout1.c
		_IVOUT1_SetOutput		CODE           	0579	0000	312
		_IVOUT1_Initialize		CODE           	039A	0000	41

mcc_generated_files/ivout1.c estimated size: 353

C:\Program Files (x86)\Microchip\xc8\v2.00\pic\sources\c90\common\awmod.c
		___awmod       		CODE           	0466	0000	102

C:\Program Files (x86)\Microchip\xc8\v2.00\pic\sources\c90\common\awmod.c estimated size: 102

mcc_generated_files/interrupt_manager.c
		_INTERRUPT_InterruptManager		CODE           	031D	0000	27

mcc_generated_files/interrupt_manager.c estimated size: 27

mcc_generated_files/tmr0.c
		_TMR0_SetInterruptHandler		CODE           	02CD	0000	9
		_TMR0_DefaultInterruptHandler		CODE           	02C4	0000	2
		_TMR0_ISR      		CODE           	0376	0000	37
		_TMR0_Initialize		CODE           	0306	0000	24

mcc_generated_files/tmr0.c estimated size: 72

mcc_generated_files/pin_manager.c
		_PIN_MANAGER_Initialize		CODE           	02F2	0000	21

mcc_generated_files/pin_manager.c estimated size: 21

mcc_generated_files/adc.c
		_ADC_Initialize		CODE           	02DD	0000	10
		_ADC_GetConversion		CODE           	0355	0000	34

mcc_generated_files/adc.c estimated size: 44

mcc_generated_files/ivout2.c
		_IVOUT2_SetOutput		CODE           	06B0	0000	320
		_IVOUT2_Initialize		CODE           	03C2	0000	42

mcc_generated_files/ivout2.c estimated size: 362

shared
		__i1fptable    		ENTRY          	0014	0000	10
		__initialization		CODE           	07EF	0000	14

shared estimated size: 24

mcc_generated_files/mcc.c
		_SYSTEM_CONFIGURATION_Initialize		CODE           	02E6	0000	13
		_OSCILLATOR_Initialize		CODE           	02C5	0000	9
		_SYSTEM_Initialize		CODE           	03EB	0000	42

mcc_generated_files/mcc.c estimated size: 64

mcc_generated_files/calibration.c
		_init_Calibration		CODE           	04CB	0000	175

mcc_generated_files/calibration.c estimated size: 175

main.c
		_main          		CODE           	0414	0000	83

main.c estimated size: 83

