Microchip MPLAB XC8 Compiler V2.00 ()

Linker command line:

-W-3 --edf=C:\Program Files (x86)\Microchip\xc8\v2.00\pic\dat\en_msgs.txt \
  -cs -h+dist/default/production\Boost.X.production.sym \
  --cmf=dist/default/production\Boost.X.production.cmf -z -QMCP19215 \
  -oC:\Users\A50807\AppData\Local\Temp\sjis.2 --defsym=__MPLAB_BUILD=1 \
  -Mdist/default/production/Boost.X.production.map -E1 -ver=XC8 \
  --acfsm=1493 -ASTACK=0A0h-0efh -pstack=STACK \
  -ACODE=00h-07FFhx3,01800h-01FFEh -ASTRCODE=00h-01FFEh \
  -ASTRING=00h-0FFhx31,01F00h-01FFEh -ACONST=00h-0FFhx31,01F00h-01FFEh \
  -AENTRY=00h-0FFhx31,01F00h-01FFEh -ACOMMON=070h-07Fh -ABANK0=020h-06Fh \
  -ABANK1=0A0h-0EFh -ABANK2=0120h-016Fh \
  -ARAM=020h-06Fh,0A0h-0EFh,0120h-016Fh \
  -AABS1=020h-07Fh,0A0h-0EFh,0120h-016Fh -ASFR0=00h-01Fh -ASFR1=080h-09Fh \
  -ASFR2=0100h-011Fh -ASFR3=0180h-01EFh \
  -preset_vec=00h,intentry=04h,init,end_init -ppowerup=CODE -pcinit=CODE \
  -pfunctab=ENTRY -ACONFIG=02007h-02007h -pconfig=CONFIG -DCONFIG=2 \
  -AIDLOC=02000h-02003h -pidloc=IDLOC -DIDLOC=2 -posccal=01FFFh -DCODE=2 \
  -DSTRCODE=2 -DSTRING=2 -DCONST=2 -DENTRY=2 -k \
  C:\Users\A50807\AppData\Local\Temp\sjis.o \
  dist/default/production\Boost.X.production.o 

Object code version is 3.11

Machine type is MCP19215



                Name                               Link     Load   Length Selector   Space Scale
C:\Users\A50807\AppData\Local\Temp\sjis.o
                end_init                             10       10        3        8       0
                reset_vec                             0        0        3        0       0
                config                             2007     2007        1     400E       0
dist/default/production\Boost.X.production.o
                cinit                                13       13        E        8       0
                functab                              21       21        A       42       0
                intentry                              4        4        C        8       0
                text16                              4C5      4C5        1       56       0
                text15                              41D      41D       24       56       0
                text14                              45D      45D       1A       56       0
                text13                              343      343       65       56       0
                text12                              16A      16A      137       56       0
                text11                              3D1      3D1       28       56       0
                text10                               2B       2B      13F       56       0
                text9                               3A8      3A8       29       56       0
                text8                               4B7      4B7        8       56       0
                text7                               48E      48E       14       56       0
                text6                               2A1      2A1       A2       56       0
                text5                               4A2      4A2        C       56       0
                text4                               4BF      4BF        6       56       0
                text3                               477      477       17       56       0
                text2                               441      441       1C       56       0
                text1                               3F9      3F9       24       56       0
                maintext                            4AE      4AE        9       56       0
                cstackBANK0                          20       20       13       20       1
                cstackCOMMON                         70       70        6       70       1
                bssBANK0                             33       33        4       20       1
                bssCOMMON                            76       76        4       70       1

TOTAL           Name                               Link     Load   Length     Space
        CLASS   STACK          

        CLASS   CODE           
                end_init                             10       10        3         0
                cinit                                13       13        E         0
                intentry                              4        4        C         0
                reset_vec                             0        0        3         0
                text16                              4C5      4C5        1         0
                text15                              41D      41D       24         0
                text14                              45D      45D       1A         0
                text13                              343      343       65         0
                text12                              16A      16A      137         0
                text11                              3D1      3D1       28         0
                text10                               2B       2B      13F         0
                text9                               3A8      3A8       29         0
                text8                               4B7      4B7        8         0
                text7                               48E      48E       14         0
                text6                               2A1      2A1       A2         0
                text5                               4A2      4A2        C         0
                text4                               4BF      4BF        6         0
                text3                               477      477       17         0
                text2                               441      441       1C         0
                text1                               3F9      3F9       24         0
                maintext                            4AE      4AE        9         0

        CLASS   STRCODE        

        CLASS   STRING         

        CLASS   CONST          

        CLASS   ENTRY          
                functab                              21       21        A         0

        CLASS   COMMON         
                cstackCOMMON                         70       70        6         1
                bssCOMMON                            76       76        4         1

        CLASS   BANK0          
                cstackBANK0                          20       20       13         1
                bssBANK0                             33       33        4         1

        CLASS   BANK1          

        CLASS   BANK2          

        CLASS   RAM            

        CLASS   ABS1           
                abs_s1                               7E       7E        2         1

        CLASS   SFR0           

        CLASS   SFR1           

        CLASS   SFR2           

        CLASS   SFR3           

        CLASS   CONFIG         
                config                             2007     2007        1         0

        CLASS   IDLOC          

        CLASS   BANK3          

        CLASS   EEDATA         



SEGMENTS        Name                           Load    Length   Top    Selector   Space  Class     Delta

                reset_vec                      000000  000003  000003         0       0  CODE        2
                intentry                       000004  00001D  000021         8       0  CODE        2
                cstackBANK0                    000020  000017  000037        20       1  BANK0       1
                functab                        000021  00000A  00002B        42       0  ENTRY       2
                text10                         00002B  00049B  0004C6        56       0  CODE        2
                cstackCOMMON                   000070  00000A  00007A        70       1  COMMON      1
                config                         002007  000001  002008      400E       0  CONFIG      2


UNUSED ADDRESS RANGES

        Name                Unused          Largest block    Delta
        BANK0            0037-006F             39           1
        BANK1            00A0-00EF             50           1
        BANK2            0120-016F             50           1
        CODE             0003-0003              1           2
                         04C6-1FFE            800
        COMMON           007A-007D              4           1
        CONST            0003-0003              1           2
                         04C6-1FFE            100
        ENTRY            0003-0003              1           2
                         04C6-1FFE            100
        IDLOC            2000-2003              4           2
        RAM              0037-006F             39           1
                         00A0-00EF             50
                         0120-016F             50
        SFR0             0000-001F             20           1
        SFR1             0080-009F             20           1
        SFR2             0100-011F             20           1
        SFR3             0180-01EF             70           1
        STACK            00A0-00EF             50           1
        STRCODE          0003-0003              1           2
                         04C6-1FFE           1B39
        STRING           0003-0003              1           2
                         04C6-1FFE            100

                                  Symbol Table

?___awmod                                 cstackBANK0  0020
IVOUT1_Initialize@target                  cstackBANK0  0032
IVOUT1_SetOutput@firstStep                cstackBANK0  002B
IVOUT1_SetOutput@firstStep_291            cstackBANK0  002C
IVOUT1_SetOutput@firstStep_293            cstackBANK0  002D
IVOUT1_SetOutput@firstStep_294            cstackBANK0  002E
IVOUT1_SetOutput@outputStep               cstackBANK0  0030
IVOUT1_SetOutput@outputTarget             cstackBANK0  0031
IVOUT1_SetOutput@pwmStep                  cstackBANK0  002F
IVOUT2_Initialize@target                  cstackBANK0  0032
IVOUT2_SetOutput@firstStep                cstackBANK0  002B
IVOUT2_SetOutput@firstStep_358            cstackBANK0  002C
IVOUT2_SetOutput@firstStep_360            cstackBANK0  002D
IVOUT2_SetOutput@firstStep_361            cstackBANK0  002E
IVOUT2_SetOutput@outputStep               cstackBANK0  0030
IVOUT2_SetOutput@outputTarget             cstackBANK0  0031
IVOUT2_SetOutput@pwmStep                  cstackBANK0  002F
TMR0_SetInterruptHandler@InterruptHandler cstackCOMMON 0075
_ABECON1                                  (abs)        010C
_ABECON1bits                              (abs)        010C
_ABECON2bits                              (abs)        010D
_ADBT                                     (abs)        019A
_CREFCON1                                 (abs)        008F
_CREFCON2                                 (abs)        0090
_DACBGRCAL                                (abs)        019B
_DACCAL1                                  (abs)        0198
_DACCAL2                                  (abs)        0199
_DCSCAL1                                  (abs)        0198
_DCSCAL2                                  (abs)        0199
_EACAL1                                   (abs)        019A
_EACAL2                                   (abs)        0196
_GAIN1                                    bssBANK0     0035
_GAIN2                                    bssBANK0     0033
_GMCAL1                                   (abs)        0196
_GMCAL2                                   (abs)        0197
_ICLEBCONbits                             (abs)        009F
_ICOACONbits                              (abs)        009E
_INTCONbits                               (abs)        000B
_INTERRUPT_InterruptManager               text14       045D
_IVOUT1_Initialize                        text11       03D1
_IVOUT1_SetOutput                         text12       016A
_IVOUT2_Initialize                        text9        03A8
_IVOUT2_SetOutput                         text10       002B
_LOOPCON1                                 (abs)        0099
_LOOPCON2                                 (abs)        009A
_OPTION_REG                               (abs)        0081
_OPTION_REGbits                           (abs)        0081
_OSCCAL                                   (abs)        019E
_OSCILLATOR_Initialize                    text8        04B7
_PDSCAL                                   (abs)        019C
_PE1                                      (abs)        0107
_PE1bits                                  (abs)        0107
_PIN_MANAGER_Initialize                   text7        048E
_PIR2bits                                 (abs)        0008
_PMADRH                                   (abs)        0193
_PMADRL                                   (abs)        0192
_PMCON1bits                               (abs)        0190
_PMDAT                                    (abs)        0194
_PMDATH                                   (abs)        0195
_PMDATL                                   (abs)        0194
_PORTAbits                                (abs)        0005
_PORTGPA                                  (abs)        0005
_PORTGPB                                  (abs)        0006
_PR2                                      (abs)        0011
_PWM1RL                                   (abs)        0017
_PWM2PHL                                  (abs)        0013
_PWM2RL                                   (abs)        0015
_SLPCRCON1                                (abs)        009C
_SLPCRCON2                                (abs)        009D
_SYSTEM_CONFIGURATION_Initialize          text5        04A2
_SYSTEM_Initialize                        text1        03F9
_T2CON                                    (abs)        0010
_T2CONbits                                (abs)        0010
_TANA                                     bssCOMMON    0076
_TMR0                                     (abs)        0001
_TMR0_DefaultInterruptHandler             text16       04C5
_TMR0_ISR                                 text15       041D
_TMR0_Initialize                          text3        0477
_TMR0_InterruptHandler                    bssCOMMON    0078
_TMR0_SetInterruptHandler                 text4        04BF
_TMR2                                     (abs)        000F
_TRISGPA                                  (abs)        0085
_TRISGPB                                  (abs)        0086
_TTCAL                                    (abs)        009B
_VINCON                                   (abs)        008E
_VINOVLO                                  (abs)        008D
_VINUVLO                                  (abs)        008C
_VIN_Initialize                           text2        0441
_VRCAL                                    (abs)        019D
_VREFCON1                                 (abs)        0091
_VREFCON2                                 (abs)        0092
_WPUGPA                                   (abs)        0105
_WPUGPB                                   (abs)        0106
__CFG_BOREN$ON                            (abs)        0000
__CFG_CP$OFF                              (abs)        0000
__CFG_MCLRE$ON                            (abs)        0000
__CFG_PWRTE$OFF                           (abs)        0000
__CFG_WDTE$OFF                            (abs)        0000
__CFG_WRT$OFF                             (abs)        0000
__Habs1                                   abs1         3FFE
__Hbank0                                  bank0        3FFE
__Hbank1                                  bank1        3FFE
__Hbank2                                  bank2        3FFE
__Hbank3                                  bank3        3FFE
__HbssBANK0                               bssBANK0     3FFE
__HbssCOMMON                              bssCOMMON    3FFE
__Hcinit                                  cinit        0021
__Hclrtext                                clrtext      3FFE
__Hcode                                   code         3FFE
__Hcommon                                 common       3FFE
__Hconfig                                 config       2008
__HcstackBANK0                            cstackBANK0  3FFE
__HcstackCOMMON                           cstackCOMMON 3FFE
__Heeprom_data                            eeprom_data  1FFF
__Hend_init                               end_init     0013
__Hfunctab                                functab      002B
__Hidloc                                  idloc        0000
__Hinit                                   init         0010
__Hintentry                               intentry     0010
__Hmaintext                               maintext     3FFE
__Hosccal                                 osccal       1FFF
__Hpowerup                                powerup      0000
__Hram                                    ram          3FFE
__Hreset_vec                              reset_vec    0003
__Hsfr0                                   sfr0         3FFE
__Hsfr1                                   sfr1         3FFE
__Hsfr2                                   sfr2         3FFE
__Hsfr3                                   sfr3         3FFE
__Hspace_0                                (abs)        3FFE
__Hspace_1                                (abs)        3FFE
__Hspace_2                                (abs)        0000
__Hspace_3                                (abs)        1FFF
__Hstack                                  stack        0000
__Hstrings                                strings      3FFE
__Htext                                   text         3FFE
__Labs1                                   abs1         3FFE
__Lbank0                                  bank0        3FFE
__Lbank1                                  bank1        3FFE
__Lbank2                                  bank2        3FFE
__Lbank3                                  bank3        3FFE
__LbssBANK0                               bssBANK0     3FFE
__LbssCOMMON                              bssCOMMON    3FFE
__Lcinit                                  cinit        0013
__Lclrtext                                clrtext      3FFE
__Lcode                                   code         3FFE
__Lcommon                                 common       3FFE
__Lconfig                                 config       2007
__LcstackBANK0                            cstackBANK0  3FFE
__LcstackCOMMON                           cstackCOMMON 3FFE
__Leeprom_data                            eeprom_data  1FFF
__Lend_init                               end_init     0010
__Lfunctab                                functab      0021
__Lidloc                                  idloc        0000
__Linit                                   init         0010
__Lintentry                               intentry     0004
__Lmaintext                               maintext     3FFE
__Losccal                                 osccal       1FFF
__Lpowerup                                powerup      0000
__Lram                                    ram          3FFE
__Lreset_vec                              reset_vec    0000
__Lsfr0                                   sfr0         3FFE
__Lsfr1                                   sfr1         3FFE
__Lsfr2                                   sfr2         3FFE
__Lsfr3                                   sfr3         3FFE
__Lspace_0                                (abs)        0000
__Lspace_1                                (abs)        0000
__Lspace_2                                (abs)        0000
__Lspace_3                                (abs)        0000
__Lstack                                  stack        0000
__Lstrings                                strings      3FFE
__Ltext                                   text         3FFE
__S0                                      (abs)        2008
__S1                                      (abs)        007A
__S2                                      (abs)        0000
___awmod                                  text13       0343
___awmod@counter                          cstackBANK0  0024
___awmod@dividend                         cstackBANK0  0022
___awmod@divisor                          cstackBANK0  0020
___awmod@sign                             cstackBANK0  0025
___int_sp                                 stack        0000
___latbits                                (abs)        0002
___osccal_val                             osccal       1FFF
___sp                                     stack        0000
__end_of_INTERRUPT_InterruptManager       text14       0477
__end_of_IVOUT1_Initialize                text11       03F9
__end_of_IVOUT1_SetOutput                 text12       02A1
__end_of_IVOUT2_Initialize                text9        03D1
__end_of_IVOUT2_SetOutput                 text10       016A
__end_of_OSCILLATOR_Initialize            text8        04BF
__end_of_PIN_MANAGER_Initialize           text7        04A2
__end_of_SYSTEM_CONFIGURATION_Initialize  text5        04AE
__end_of_SYSTEM_Initialize                text1        041D
__end_of_TMR0_DefaultInterruptHandler     text16       04C6
__end_of_TMR0_ISR                         text15       0441
__end_of_TMR0_Initialize                  text3        048E
__end_of_TMR0_SetInterruptHandler         text4        04C5
__end_of_VIN_Initialize                   text2        045D
__end_of___awmod                          text13       03A8
__end_of__i1fptable                       functab      002B
__end_of__initialization                  cinit        001D
__end_of_init_Calibration                 text6        0343
__end_of_main                             maintext     04B7
__i1fptable                               functab      0022
__initialization                          cinit        0013
__pbssBANK0                               bssBANK0     0033
__pbssCOMMON                              bssCOMMON    0076
__pcstackBANK0                            cstackBANK0  0020
__pcstackCOMMON                           cstackCOMMON 0070
__pfunctab                                functab      0021
__pintentry                               intentry     0004
__pmaintext                               maintext     04AE
__ptext1                                  text1        03F9
__ptext10                                 text10       002B
__ptext11                                 text11       03D1
__ptext12                                 text12       016A
__ptext13                                 text13       0343
__ptext14                                 text14       045D
__ptext15                                 text15       041D
__ptext16                                 text16       04C5
__ptext2                                  text2        0441
__ptext3                                  text3        0477
__ptext4                                  text4        04BF
__ptext5                                  text5        04A2
__ptext6                                  text6        02A1
__ptext7                                  text7        048E
__ptext8                                  text8        04B7
__ptext9                                  text9        03A8
__size_of_INTERRUPT_InterruptManager      (abs)        0000
__size_of_IVOUT1_Initialize               (abs)        0000
__size_of_IVOUT1_SetOutput                (abs)        0000
__size_of_IVOUT2_Initialize               (abs)        0000
__size_of_IVOUT2_SetOutput                (abs)        0000
__size_of_OSCILLATOR_Initialize           (abs)        0000
__size_of_PIN_MANAGER_Initialize          (abs)        0000
__size_of_SYSTEM_CONFIGURATION_Initialize (abs)        0000
__size_of_SYSTEM_Initialize               (abs)        0000
__size_of_TMR0_DefaultInterruptHandler    (abs)        0000
__size_of_TMR0_ISR                        (abs)        0000
__size_of_TMR0_Initialize                 (abs)        0000
__size_of_TMR0_SetInterruptHandler        (abs)        0000
__size_of_VIN_Initialize                  (abs)        0000
__size_of___awmod                         (abs)        0000
__size_of__i1fptable                      (abs)        0000
__size_of_init_Calibration                (abs)        0000
__size_of_main                            (abs)        0000
_init_Calibration                         text6        02A1
_main                                     maintext     04AE
_timer0ReloadVal                          bssCOMMON    0079
btemp                                     (abs)        007E
end_of_initialization                     cinit        001D
fpbase                                    (abs)        0000
fptable                                   functab      0021
fptotal                                   (abs)        0000
i1fpbase                                  functab      0027
i1fptable                                 functab      0022
i1fptotal                                 (abs)        0002
interrupt_function                        intentry     0004
intlevel0                                 functab      0021
intlevel1                                 functab      0021
intlevel2                                 functab      0021
intlevel3                                 functab      0021
intlevel4                                 functab      0021
intlevel5                                 functab      0021
reset_vec                                 reset_vec    0000
saved_w                                   (abs)        007E
stackhi                                   (abs)        0000
stacklo                                   (abs)        0000
start                                     init         0010
start_initialization                      cinit        0013
wtemp0                                    (abs)        007E


FUNCTION INFORMATION:

 *************** function _main *****************
 Defined at:
		line 49 in file "main.c"
 Parameters:    Size  Location     Type
		None
 Auto vars:     Size  Location     Type
		None
 Return value:  Size  Location     Type
                  1    wreg      void 
 Registers used:
		wreg, status,2, status,0, pclath, cstack
 Tracked objects:
		On entry : 
		On exit  : 
		Unchanged: 
 Data sizes:     COMMON   BANK0   BANK1   BANK2
      Params:         0       0       0       0
      Locals:         0       0       0       0
      Temps:          0       0       0       0
      Totals:         0       0       0       0
Total ram usage:        0 bytes
 Hardware stack levels required when called:    7
 This function calls:
		_SYSTEM_Initialize
 This function is called by:
		Startup code after reset
 This function uses a non-reentrant model


 *************** function _SYSTEM_Initialize *****************
 Defined at:
		line 56 in file "mcc_generated_files/mcc.c"
 Parameters:    Size  Location     Type
		None
 Auto vars:     Size  Location     Type
		None
 Return value:  Size  Location     Type
                  1    wreg      void 
 Registers used:
		wreg, status,2, status,0, pclath, cstack
 Tracked objects:
		On entry : 
		On exit  : 
		Unchanged: 
 Data sizes:     COMMON   BANK0   BANK1   BANK2
      Params:         0       0       0       0
      Locals:         0       0       0       0
      Temps:          0       0       0       0
      Totals:         0       0       0       0
Total ram usage:        0 bytes
 Hardware stack levels used:    1
 Hardware stack levels required when called:    6
 This function calls:
		_IVOUT1_Initialize
		_IVOUT2_Initialize
		_OSCILLATOR_Initialize
		_PIN_MANAGER_Initialize
		_SYSTEM_CONFIGURATION_Initialize
		_TMR0_Initialize
		_VIN_Initialize
 This function is called by:
		_main
 This function uses a non-reentrant model


 *************** function _VIN_Initialize *****************
 Defined at:
		line 56 in file "mcc_generated_files/vin.c"
 Parameters:    Size  Location     Type
		None
 Auto vars:     Size  Location     Type
		None
 Return value:  Size  Location     Type
                  1    wreg      void 
 Registers used:
		wreg
 Tracked objects:
		On entry : 
		On exit  : 
		Unchanged: 
 Data sizes:     COMMON   BANK0   BANK1   BANK2
      Params:         0       0       0       0
      Locals:         0       0       0       0
      Temps:          2       0       0       0
      Totals:         2       0       0       0
Total ram usage:        2 bytes
 Hardware stack levels used:    1
 Hardware stack levels required when called:    3
 This function calls:
		Nothing
 This function is called by:
		_SYSTEM_Initialize
 This function uses a non-reentrant model


 *************** function _TMR0_Initialize *****************
 Defined at:
		line 57 in file "mcc_generated_files/tmr0.c"
 Parameters:    Size  Location     Type
		None
 Auto vars:     Size  Location     Type
		None
 Return value:  Size  Location     Type
                  1    wreg      void 
 Registers used:
		wreg, status,2, status,0, pclath, cstack
 Tracked objects:
		On entry : 
		On exit  : 
		Unchanged: 
 Data sizes:     COMMON   BANK0   BANK1   BANK2
      Params:         0       0       0       0
      Locals:         0       0       0       0
      Temps:          0       1       0       0
      Totals:         0       1       0       0
Total ram usage:        1 bytes
 Hardware stack levels used:    1
 Hardware stack levels required when called:    4
 This function calls:
		_TMR0_SetInterruptHandler
 This function is called by:
		_SYSTEM_Initialize
 This function uses a non-reentrant model


 *************** function _TMR0_SetInterruptHandler *****************
 Defined at:
		line 120 in file "mcc_generated_files/tmr0.c"
 Parameters:    Size  Location     Type
  InterruptHan    1    wreg     PTR FTN()void 
		 -> TMR0_DefaultInterruptHandler(1), 
 Auto vars:     Size  Location     Type
  InterruptHan    1    5[COMMON] PTR FTN()void 
		 -> TMR0_DefaultInterruptHandler(1), 
 Return value:  Size  Location     Type
                  1    wreg      void 
 Registers used:
		wreg
 Tracked objects:
		On entry : 
		On exit  : 
		Unchanged: 
 Data sizes:     COMMON   BANK0   BANK1   BANK2
      Params:         0       0       0       0
      Locals:         1       0       0       0
      Temps:          1       0       0       0
      Totals:         2       0       0       0
Total ram usage:        2 bytes
 Hardware stack levels used:    1
 Hardware stack levels required when called:    3
 This function calls:
		Nothing
 This function is called by:
		_TMR0_Initialize
 This function uses a non-reentrant model


 *************** function _SYSTEM_CONFIGURATION_Initialize *****************
 Defined at:
		line 80 in file "mcc_generated_files/mcc.c"
 Parameters:    Size  Location     Type
		None
 Auto vars:     Size  Location     Type
		None
 Return value:  Size  Location     Type
                  1    wreg      void 
 Registers used:
		wreg, status,2, status,0, pclath, cstack
 Tracked objects:
		On entry : 
		On exit  : 
		Unchanged: 
 Data sizes:     COMMON   BANK0   BANK1   BANK2
      Params:         0       0       0       0
      Locals:         0       0       0       0
      Temps:          0       0       0       0
      Totals:         0       0       0       0
Total ram usage:        0 bytes
 Hardware stack levels used:    1
 Hardware stack levels required when called:    4
 This function calls:
		_init_Calibration
 This function is called by:
		_SYSTEM_Initialize
 This function uses a non-reentrant model


 *************** function _init_Calibration *****************
 Defined at:
		line 48 in file "mcc_generated_files/calibration.c"
 Parameters:    Size  Location     Type
		None
 Auto vars:     Size  Location     Type
		None
 Return value:  Size  Location     Type
                  1    wreg      void 
 Registers used:
		wreg, status,2, status,0
 Tracked objects:
		On entry : 
		On exit  : 
		Unchanged: 
 Data sizes:     COMMON   BANK0   BANK1   BANK2
      Params:         0       0       0       0
      Locals:         0       0       0       0
      Temps:          2       0       0       0
      Totals:         2       0       0       0
Total ram usage:        2 bytes
 Hardware stack levels used:    1
 Hardware stack levels required when called:    3
 This function calls:
		Nothing
 This function is called by:
		_SYSTEM_CONFIGURATION_Initialize
 This function uses a non-reentrant model


 *************** function _PIN_MANAGER_Initialize *****************
 Defined at:
		line 50 in file "mcc_generated_files/pin_manager.c"
 Parameters:    Size  Location     Type
		None
 Auto vars:     Size  Location     Type
		None
 Return value:  Size  Location     Type
                  1    wreg      void 
 Registers used:
		wreg, status,2
 Tracked objects:
		On entry : 
		On exit  : 
		Unchanged: 
 Data sizes:     COMMON   BANK0   BANK1   BANK2
      Params:         0       0       0       0
      Locals:         0       0       0       0
      Temps:          0       0       0       0
      Totals:         0       0       0       0
Total ram usage:        0 bytes
 Hardware stack levels used:    1
 Hardware stack levels required when called:    3
 This function calls:
		Nothing
 This function is called by:
		_SYSTEM_Initialize
 This function uses a non-reentrant model


 *************** function _OSCILLATOR_Initialize *****************
 Defined at:
		line 67 in file "mcc_generated_files/mcc.c"
 Parameters:    Size  Location     Type
		None
 Auto vars:     Size  Location     Type
		None
 Return value:  Size  Location     Type
                  1    wreg      void 
 Registers used:
		wreg, status,2
 Tracked objects:
		On entry : 
		On exit  : 
		Unchanged: 
 Data sizes:     COMMON   BANK0   BANK1   BANK2
      Params:         0       0       0       0
      Locals:         0       0       0       0
      Temps:          0       0       0       0
      Totals:         0       0       0       0
Total ram usage:        0 bytes
 Hardware stack levels used:    1
 Hardware stack levels required when called:    3
 This function calls:
		Nothing
 This function is called by:
		_SYSTEM_Initialize
 This function uses a non-reentrant model


 *************** function _IVOUT2_Initialize *****************
 Defined at:
		line 58 in file "mcc_generated_files/ivout2.c"
 Parameters:    Size  Location     Type
		None
 Auto vars:     Size  Location     Type
  target          1   18[BANK0 ] unsigned char 
 Return value:  Size  Location     Type
                  1    wreg      void 
 Registers used:
		wreg, status,2, status,0, pclath, cstack
 Tracked objects:
		On entry : 
		On exit  : 
		Unchanged: 
 Data sizes:     COMMON   BANK0   BANK1   BANK2
      Params:         0       0       0       0
      Locals:         0       1       0       0
      Temps:          1       0       0       0
      Totals:         1       1       0       0
Total ram usage:        2 bytes
 Hardware stack levels used:    1
 Hardware stack levels required when called:    5
 This function calls:
		_IVOUT2_SetOutput
 This function is called by:
		_SYSTEM_Initialize
 This function uses a non-reentrant model


 *************** function _IVOUT2_SetOutput *****************
 Defined at:
		line 87 in file "mcc_generated_files/ivout2.c"
 Parameters:    Size  Location     Type
  outputTarget    1    wreg     unsigned char 
 Auto vars:     Size  Location     Type
  outputTarget    1   17[BANK0 ] unsigned char 
  firstStep       1   14[BANK0 ] unsigned char 
  firstStep       1   13[BANK0 ] unsigned char 
  firstStep       1   12[BANK0 ] unsigned char 
  firstStep       1   11[BANK0 ] unsigned char 
  outputStep      1   16[BANK0 ] unsigned char 
  pwmStep         1   15[BANK0 ] unsigned char 
 Return value:  Size  Location     Type
                  1    wreg      void 
 Registers used:
		wreg, status,2, status,0, pclath, cstack
 Tracked objects:
		On entry : 
		On exit  : 
		Unchanged: 
 Data sizes:     COMMON   BANK0   BANK1   BANK2
      Params:         0       0       0       0
      Locals:         0       7       0       0
      Temps:          0       5       0       0
      Totals:         0      12       0       0
Total ram usage:       12 bytes
 Hardware stack levels used:    1
 Hardware stack levels required when called:    4
 This function calls:
		___awmod
 This function is called by:
		_IVOUT2_Initialize
 This function uses a non-reentrant model


 *************** function _IVOUT1_Initialize *****************
 Defined at:
		line 58 in file "mcc_generated_files/ivout1.c"
 Parameters:    Size  Location     Type
		None
 Auto vars:     Size  Location     Type
  target          1   18[BANK0 ] unsigned char 
 Return value:  Size  Location     Type
                  1    wreg      void 
 Registers used:
		wreg, status,2, status,0, pclath, cstack
 Tracked objects:
		On entry : 
		On exit  : 
		Unchanged: 
 Data sizes:     COMMON   BANK0   BANK1   BANK2
      Params:         0       0       0       0
      Locals:         0       1       0       0
      Temps:          1       0       0       0
      Totals:         1       1       0       0
Total ram usage:        2 bytes
 Hardware stack levels used:    1
 Hardware stack levels required when called:    5
 This function calls:
		_IVOUT1_SetOutput
 This function is called by:
		_SYSTEM_Initialize
 This function uses a non-reentrant model


 *************** function _IVOUT1_SetOutput *****************
 Defined at:
		line 85 in file "mcc_generated_files/ivout1.c"
 Parameters:    Size  Location     Type
  outputTarget    1    wreg     unsigned char 
 Auto vars:     Size  Location     Type
  outputTarget    1   17[BANK0 ] unsigned char 
  firstStep       1   14[BANK0 ] unsigned char 
  firstStep       1   13[BANK0 ] unsigned char 
  firstStep       1   12[BANK0 ] unsigned char 
  firstStep       1   11[BANK0 ] unsigned char 
  outputStep      1   16[BANK0 ] unsigned char 
  pwmStep         1   15[BANK0 ] unsigned char 
 Return value:  Size  Location     Type
                  1    wreg      void 
 Registers used:
		wreg, status,2, status,0, pclath, cstack
 Tracked objects:
		On entry : 
		On exit  : 
		Unchanged: 
 Data sizes:     COMMON   BANK0   BANK1   BANK2
      Params:         0       0       0       0
      Locals:         0       7       0       0
      Temps:          0       5       0       0
      Totals:         0      12       0       0
Total ram usage:       12 bytes
 Hardware stack levels used:    1
 Hardware stack levels required when called:    4
 This function calls:
		___awmod
 This function is called by:
		_IVOUT1_Initialize
 This function uses a non-reentrant model


 *************** function ___awmod *****************
 Defined at:
		line 5 in file "C:\Program Files (x86)\Microchip\xc8\v2.00\pic\sources\c90\common\awmod.c"
 Parameters:    Size  Location     Type
  divisor         2    0[BANK0 ] int 
  dividend        2    2[BANK0 ] int 
 Auto vars:     Size  Location     Type
  sign            1    5[BANK0 ] unsigned char 
  counter         1    4[BANK0 ] unsigned char 
 Return value:  Size  Location     Type
                  2    0[BANK0 ] int 
 Registers used:
		wreg, status,2, status,0
 Tracked objects:
		On entry : 
		On exit  : 
		Unchanged: 
 Data sizes:     COMMON   BANK0   BANK1   BANK2
      Params:         0       4       0       0
      Locals:         0       2       0       0
      Temps:          1       0       0       0
      Totals:         1       6       0       0
Total ram usage:        7 bytes
 Hardware stack levels used:    1
 Hardware stack levels required when called:    3
 This function calls:
		Nothing
 This function is called by:
		_IVOUT1_SetOutput
		_IVOUT2_SetOutput
 This function uses a non-reentrant model


 *************** function _INTERRUPT_InterruptManager *****************
 Defined at:
		line 50 in file "mcc_generated_files/interrupt_manager.c"
 Parameters:    Size  Location     Type
		None
 Auto vars:     Size  Location     Type
		None
 Return value:  Size  Location     Type
                  1    wreg      void 
 Registers used:
		wreg, status,2, status,0, pclath, cstack
 Tracked objects:
		On entry : 
		On exit  : 
		Unchanged: 
 Data sizes:     COMMON   BANK0   BANK1   BANK2
      Params:         0       0       0       0
      Locals:         0       0       0       0
      Temps:          3       0       0       0
      Totals:         3       0       0       0
Total ram usage:        3 bytes
 Hardware stack levels used:    1
 Hardware stack levels required when called:    2
 This function calls:
		_TMR0_ISR
 This function is called by:
		Interrupt level 1
 This function uses a non-reentrant model


 *************** function _TMR0_ISR *****************
 Defined at:
		line 101 in file "mcc_generated_files/tmr0.c"
 Parameters:    Size  Location     Type
		None
 Auto vars:     Size  Location     Type
		None
 Return value:  Size  Location     Type
                  1    wreg      void 
 Registers used:
		wreg, status,2, status,0, pclath, cstack
 Tracked objects:
		On entry : 
		On exit  : 
		Unchanged: 
 Data sizes:     COMMON   BANK0   BANK1   BANK2
      Params:         0       0       0       0
      Locals:         0       0       0       0
      Temps:          1       0       0       0
      Totals:         1       0       0       0
Total ram usage:        1 bytes
 Hardware stack levels used:    1
 Hardware stack levels required when called:    1
 This function calls:
		Absolute function
		_TMR0_DefaultInterruptHandler
 This function is called by:
		_INTERRUPT_InterruptManager
 This function uses a non-reentrant model


 *************** function _TMR0_DefaultInterruptHandler *****************
 Defined at:
		line 124 in file "mcc_generated_files/tmr0.c"
 Parameters:    Size  Location     Type
		None
 Auto vars:     Size  Location     Type
		None
 Return value:  Size  Location     Type
                  1    wreg      void 
 Registers used:
		None
 Tracked objects:
		On entry : 
		On exit  : 
		Unchanged: 
 Data sizes:     COMMON   BANK0   BANK1   BANK2
      Params:         0       0       0       0
      Locals:         0       0       0       0
      Temps:          0       0       0       0
      Totals:         0       0       0       0
Total ram usage:        0 bytes
 Hardware stack levels used:    1
 This function calls:
		Nothing
 This function is called by:
		_TMR0_Initialize
		_TMR0_ISR
 This function uses a non-reentrant model



MODULE INFORMATION

Module		Function		Class		Link	Load	Size
mcc_generated_files/vin.c
		_VIN_Initialize		CODE           	0441	0000	29

mcc_generated_files/vin.c estimated size: 29

mcc_generated_files/ivout1.c
		_IVOUT1_SetOutput		CODE           	016A	0000	312
		_IVOUT1_Initialize		CODE           	03D1	0000	41

mcc_generated_files/ivout1.c estimated size: 353

C:\Program Files (x86)\Microchip\xc8\v2.00\pic\sources\c90\common\awmod.c
		___awmod       		CODE           	0343	0000	102

C:\Program Files (x86)\Microchip\xc8\v2.00\pic\sources\c90\common\awmod.c estimated size: 102

mcc_generated_files/interrupt_manager.c
		_INTERRUPT_InterruptManager		CODE           	045D	0000	27

mcc_generated_files/interrupt_manager.c estimated size: 27

mcc_generated_files/tmr0.c
		_TMR0_SetInterruptHandler		CODE           	04BF	0000	7
		_TMR0_DefaultInterruptHandler		CODE           	04C5	0000	2
		_TMR0_ISR      		CODE           	041D	0000	37
		_TMR0_Initialize		CODE           	0477	0000	24

mcc_generated_files/tmr0.c estimated size: 70

mcc_generated_files/pin_manager.c
		_PIN_MANAGER_Initialize		CODE           	048E	0000	21

mcc_generated_files/pin_manager.c estimated size: 21

mcc_generated_files/ivout2.c
		_IVOUT2_SetOutput		CODE           	002B	0000	320
		_IVOUT2_Initialize		CODE           	03A8	0000	42

mcc_generated_files/ivout2.c estimated size: 362

shared
		__i1fptable    		ENTRY          	0022	0000	10
		__initialization		CODE           	0013	0000	11

shared estimated size: 21

mcc_generated_files/mcc.c
		_SYSTEM_CONFIGURATION_Initialize		CODE           	04A2	0000	13
		_OSCILLATOR_Initialize		CODE           	04B7	0000	9
		_SYSTEM_Initialize		CODE           	03F9	0000	37

mcc_generated_files/mcc.c estimated size: 59

mcc_generated_files/calibration.c
		_init_Calibration		CODE           	02A1	0000	163

mcc_generated_files/calibration.c estimated size: 163

main.c
		_main          		CODE           	04AE	0000	10

main.c estimated size: 10

